<!DOCTYPE html PUBLIC "-//W3C//DTD HTML 3.2//EN">
<html>
<head>
<title>[ #426885 ] Definition list w/Center crashes</title>
</head>
<body>
<center>
<h1>Heading 1</h1>
</center>
<dl>
<dt><img src="redball.gif"><b>Term 1</b></dt>
<dt><img src="redball.gif"><b>Term 2</b></dt>
<dd>
<hr>
</dd>
</dl>
<h1>Heading 2</h1>
<div style="margin-left: 2em">
<dl>
<dt><img src="redball.gif"><b>Term 3</b></dt>
<dt><img src="redball.gif"><b>Term 4</b></dt>
<dd>
<hr>
</dd>
</dl>
</div>
</body>
</html>
