<!DOCTYPE html PUBLIC "-//W3C//DTD HTML 3.2//EN">
<html>
<head>
<title>[#427664] Missing attr values cause NULL segfault</title>
</head>
<body width="align=&quot;&quot;">
<!-- attribute name is 2 bytes hex c3 87 -->text
</body>
</html>
