<!DOCTYPE html PUBLIC "-//IETF//DTD HTML 2.0//EN">
<html>
<head>
<title>[ #427822 ] PopInLine() doesn't check stack</title>
</head>
<body>
<dl>
<dd><i>abc</i></dd>
</dl>
</body>
</html>
