<!DOCTYPE html PUBLIC "-//IETF//DTD HTML 2.0//EN">
<html>
<head>
<title>Test input for bug #427841</title>
</head>
<body>
<p>Tidy crashes on badly formed HTML involving nested lists.</p>
<ul>
<li>
<ul>
<li><a href="rememberwhenb.html">Next</a></li>
<li><a href="daysofourlives.html">Back</a></li>
<li><a href="newstuff.html">New Stuff</a></li>
</ul>
</li>
</ul>
<ul>
<li>Merge adjacent lists</li>
</ul>
<div style="margin-left: 2em">
<ul>
<li><a href="one.html">One</a></li>
<li><a href="two.html">Two</a></li>
<li><a href="three.html">Three</a></li>
</ul>
</div>
</body>
</html>
