<!DOCTYPE html PUBLIC "-//W3C//DTD HTML 4.01//EN">
<html lang="en">
<head>
<title>Escape sequences</title>
</head>
<body>
<p>#include &lt;stdio.h&gt;</p>
<p>#include &lt;stdio.h&gt;</p>
<p>#include &lt;stdio.h&amp;#X3e;</p>
</body>
</html>
