<!DOCTYPE html PUBLIC "-//W3C//DTD HTML 3.2//EN">
<html>
<head>
<title>[#431739] Spaces carried into empty block tags</title>
</head>
<body>
<font size="2"><font face="Arial">This is a test</font></font>
<hr>
<font size="2">Example</font>
</body>
</html>
