<!DOCTYPE html PUBLIC "-//W3C//DTD HTML 4.01 Transitional//EN">
<html>
<head>
<title>Test for bug #431874</title>
</head>
<body>
<a name="top"></a><a href="http://www.genuki.org.uk">Test for bug #431874</a>
</body>
</html>
