<!DOCTYPE html PUBLIC "-//W3C//DTD HTML 4.01 Transitional//EN">
<html>
<head>
<title>[ #435922 ] Missing &lt;form&gt; around &lt;input&gt; no warning</title>
</head>
<body>
<form><input type='text' name='test'><br>
 <input type='submit'>  </form>
</body>
</html>
