<!DOCTYPE html PUBLIC "-//IETF//DTD HTML 2.0//EN">
<html>
<head>
<title>Test input file for iso-8859-1 character entities</title>
</head>
<body>
<p>Phrase with numeric quotes expressly stated: &ldquo;D&eacute;j&agrave; con&ccedil;u &agrave; l'&egrave;re de Caf&eacute;&iuml;ne&rdquo;</p>
</body>
</html>
