<!DOCTYPE html PUBLIC "-//W3C//DTD HTML 3.2//EN">
<html>
<!-- the original document had ? - I changed that to &ndash; - then &#150; -->
<head>
<title>[ #445557 ] Convert Symbol font chars to Unicode</title>
</head>
<body>
<p>The predicate calculus has a number of theorems and axioms for proving logical statements. Here are the main symbols used in predicate calculus:</p>
<p>P(x)	&#150; proposition &#150; a logical statement in the condition x.</p>
<p>x	&#150; any condition <b>in the set of possible conditions</b>.</p>
<p>c	&#150; a particular condition <b>in the set of possible conditions</b>.</p>
<p><font face="Symbol">"</font> 	&#150; "For every"</p>
<p><font face="Symbol">$</font> 	&#150; "Exists"</p>
<p><font face="Symbol">&reg;</font> 	&#150; Implication</p>
<p><font face="Symbol">&Ugrave;</font> 	&#150; Conjunction (logical and)</p>
<p><font face="Symbol">&Uacute;</font> 	&#150; Disjunction (logical or)</p>
</body>
</html>
