<html>
<head>
<title>[ #463066 ] CleanWord2000 misses mso-list bullets</title>
</head>
<body>
<div class="Section1">
<p>Test 1</p>
<ol start="1" type="1">
<li>Here</li>
<li>We</li>
<li>Go</li>
<li>Again</li>
</ol>
&#160;
<ol start="1" type="i">
<li>Ok</li>
<li>That</li>
<li>Worked</li>
</ol>
&#160;
<ul>
<li>But</li>
<li>It</li>
<li>Does</li>
<li>Not</li>
<li>Work</li>
<li>With</li>
<li>Bullet</li>
<li>Points</li>
<li>Now</li>
</ul>
&#160;
<ul>
<li>It</li>
<li>Is</li>
<li>Working</li>
</ul>
&#160;
<ul type="disc">
<li>Try</li>
<li>It</li>
<li>Again</li>
</ul>
&#160;
<ul type="disc">
<li>Do</li>
<li>It</li>
<li>Again</li>
<li>And</li>
</ul>
</div>
</body>
</html>
