<!DOCTYPE html PUBLIC "-//IETF//DTD HTML 2.0//EN">
<html>
<head>
<title>Test Input For Bug #470663</title>
</head>
<body>
<p>Body doesn't matter. Problem occurs parsing &lt;head&gt;
element.</p>
</body>
</html>
