<html xmlns="http://www.w3.org/1999/xhtml">
<head>
<title>[ #501230 ] "0" (Zero) has to be lower case !</title>
</head>
<body>
</body>
</html>
