<!DOCTYPE html PUBLIC "-//W3C//DTD HTML 3.2//EN">
<html>
<head>
<title>[ #508936 ] Parse CSS Selector prefix in config file</title>
<style type="text/css">
 span.abc8-2 {font-family: arial,helvetica, geneva; font-size: 64%}
 span.abc8-1 {font-size: 64%}
</style>
</head>
<body>
<p><span class="abc8-1">Allow user to specify</span> <span class=
"abc8-2"><b>prefix</b> for class names Tidy generates with --clean
yes option.</span></p>
</body>
</html>
