<!DOCTYPE html PUBLIC "-//W3C//DTD XHTML 1.0 Transitional//EN" "http://www.w3.org/TR/xhtml1/DTD/xhtml1-transitional.dtd">
<html xmlns="http://www.w3.org/1999/xhtml">
<head>
<title>[531962] Closing quotes around attribute values</title>
</head>
<body>
<img src="images/spacer.gif" width="10 height=" />
</body>
</html>
