<!DOCTYPE HTML PUBLIC "-//W3C//DTD HTML 4.01 Transitional//EN"
"http://www.w3.org/TR/REC-html401/loose.dtd">
<html>
<head>
<title>[ 532535 ] Hang when in code &lt;?xml /&gt;</title>
</head>
<body>
<!-- use word-2000 yes -->
<p class="MsoNormal"><?xml:namespace prefix = o /?>
<o:p>&nbsp;</o:p></p>
</body>
</html>
