<!DOCTYPE html PUBLIC "-//W3C//DTD HTML 3.2//EN">
<html>
<head>
<title>[ 540296 ] Tidy dumps</title>
</head>
<body>
</body>
</html>
