<!DOCTYPE html PUBLIC "-//IETF//DTD HTML 2.0//EN">
<html>
<head>
<title>
</head>
<body>
<p>#540555 Empty title tag is trimmed</p>
</body>
</html>
