<!DOCTYPE html PUBLIC "-//IETF//DTD HTML 2.0//EN">
<html>
<head>
<title>[ 545067 ] Implicit closing of head broken</title>
</head>
<body>
</body>
</html>
