<html>
<head>
<title>[ 570027 ] Fixes crash in Word2000 cleanup</title>
<style type="text/css">
 p.c1 {font-weight: bold}
</style>
</head>
<body>
<p class="c1"><a href=
"Database%20overview%201.0.htm#Introduction:">Introduction</a><o:p>;</o:p></p>
</body>
</html>
