<!DOCTYPE html PUBLIC "-//W3C//DTD HTML 4.01 Transitional//EN">
<html>
<head>
<meta name="Keywords" content="rescue,hunting,fishing,camping,adsfg,videogi,productshun,GPS III,Garmin,StreetPilot,gps3,gpsIII,gps2,gps2plus,gpsII+,Street Atlas,StreetAtlas,Osborne,discount GPS,Plainville,Stockton,Victoria,Ellis,Kansas,WaKeeney,Quinter,Russell,LaCrosse,Gorham,gpsIIIPLUS,gps3+,gps III+,gps 3+,DeLorme,GPS III Plus,GPS III Pilot,darrel goheen,daryl goheen,darel goheen,darrell goheen,aviation gps,DeLorme Street Atlas,garmin aviation,metro guides,MetroGuides,GPS 76,eTrex,etrex,Etrex,truck navigation,StreetPilot III,GPSMAP 76,76,StreetPilot 3,eTrex Vista,eTrex Venture,eTrex Legend,semi navigation,over the road navigation,etrex summit,etrex summitt,etrex sumit,fishing hot spots,gps v,gps 5,garmin v,eMap,navigation aids,truck stops,GPSMAP 162,GPSMAP 168 Sounder,gpsmap 162,garvin,garwin,gpsmap 168,gps 162,gps 168,gps 168 sounder,GPSMAP 295,GPS MAP 295,metro gides,colormap streetpilot,ultimate case,color streetpilot,guidance by Garmin,color street pilot,color map,color map streetpilot,color map Street Pilot,MetroGuide,garmin international,garmond,garmund,magellan,gps12,gps 12,gps12xl,gps 12XL,gps12cx,RANS,gps 12CX,gps12CX,color streetpilot,streetpilot color map,garmin gps,Street Pilot,experimental aircraft,EEA,tvnav.com,gps 12 MAP,NavTalk,StreetPilot ColorMap,emap,ColorMap,Street Pilot ColorMap,Street Pilot Color Map,cell phone,cellular phone,cellar phone,cellar,cellular,EMAP,e map,Nav Talk,GPS,G P S,Global Positioning System,globalpositioningsystem,gps outfitters,gps video,cables,gps cables,navigation,mapsource,map source,MapSource,TOPO MapSource,MetroGuide MapSource,GPSMAP 176,GPSMAP 176C,GPSMAP 2006,GPSMAP 2006C,GPSMAP 2010,GPSMAP 2010C,gpsv,metroguide II,metroguide 2,magellan,meridian,blue chart,rino,rhino,rino 120,rino 110,76s,map76s,gpsmap 76s,gpsmap76s,196,gps 196,gps196,gpsmap 196,gps map196,gps map 196">
<meta name="Description" content="Complete line of Garmin outdoor recreation/marine navigation products.">
<meta name="distribution" content="Global">
<title>TVNAV.COM Garmin GPS Home Page</title>
</head>
<body background="images/027.jpg">
<center>
<h1><strong><font size="+7">TVNAV.COM<br>
<br>
<font color="Red">Toll Free</font> <font color="blue">877-625-3546</font> <font size="-1">(US only)</font></font></strong></h1>
</center>
<strong><br>
<br>
</strong>
<center><strong><img src="images/garminlogo1.jpg" border="0" alt="Garmin Logo"><br>
<br>
<br>
<br>
<br>
<br>
</strong>
<h1> <strong>To track your package click <a href="mailto:GPS@tvnav.com?subject=Send%A0tracking%A0info.&amp;body=To%20recieve%20your%20tracking%20number%20enter%20the%20name%20the%20package%20was%20sent%20to%20and%20click%20send%20and%20we%20will%20return%20an%20email%20with%20the%20package%20information.%20PLEASE%20do%20not%20call%20asking%20for%20tracking%20numbers.%20Thanks.">here.</a><br>
<br>
 Check the current <a href="http://www.garmin.com/whatsNew/currentpromotions/" target="_blank">REBATE offers</a>!<br>
<br>
<font color="black">**</font><font color="Red">NEW!</font> <a href="http://www.garmin.com/products/gpsmap76s/index.html" target="_blank">GPSMAP 76S</a> <font color="Red">IN STOCK!</font>**<br>
<br>
 <font color="black">**</font><font color="Red">NEW!</font> <a href="http://www.garmin.com/products/rino/" target="_blank">Rino 110/120 GPS/FRS/GMRS</a> <font color="Red">Expected September</font>**<br>
<br>
 <font color="black">**</font><font color="Red">NEW!</font> <a href="aviationgps.html" target="_blank">GPSMAP 196</a> <font color="Red">Coming Soon!</font>**<br>
<br>
 <font color="black">**</font><font color="Red">NEW!</font> City Navigator Australia....$265.00 <font color="Red">IN STOCK!</font>**<br>
<br>
 <font color="black">**</font><font color="Red">NEW!</font> <font color="Blue">BlueChart software</font> <font color="Red">IN STOCK!</font>**<br>
<br>
 <font color="black">**</font><font color="Red">NEW!</font> Europe MapSource: City Navigator, City Select, MetroGuide and Roads &amp; Recreation <font color="Red">IN STOCK!</font>**<br>
<br>
 <font color="black">**</font><font color="Red">NEW!</font> We now have <font color="Blue">remanufactured</font> <a href="http://www.garmin.com/products/gpsIII/" target="_blank">GPS III</a> ($150) in stock. 1 year warranty.</strong>**<br>
<br>
<font color="black">**</font><font color="Red">NEW!</font> <a href="http://www.garmin.com/products/gps5/index.html" target="_blank">GPS V</a> <font color="Red">IN STOCK!</font>**<br>
<br>
<font color="black">**</font><font color="Red">NEW!</font> <a href="sp3bean.html">eTrex/eMap/StreetPilot/ColorMap/StreetPilot III/GPSMAP 295 <font color="Red">Bean Bag</font></a> <font color="Red">IN STOCK!</font>**<br>
<br>
<font color="black">**</font><font color="Red">NEW!</font> <a href="http://www.garmin.com/products/spIII/index.html" target="_blank">StreetPilot III</a> <font color="Red">IN STOCK!</font>**<br>
<br>
<font color="black">**</font><font color="Red">NEW!</font> <a href="295case.html">StreetPilot/ColorMap/295 Deluxe Case</a> <font color="Red">IN STOCK!</font>**<br>
<br>
<font color="black">**</font><font color="Red">NEW!</font> <a href="spvisor.html">Sunvisor for StreetPilot, ColorMap, StreetPilot III and GPSMAP 295....$20.00</a> <font color="Red">IN STOCK!</font>**<br>
<br>
<font color="black">**</font><font color="Red">We have <a href="rammount.html">R-A-M</a> mounts now in stock for most Garmin units</font>....Call or <a href="mailto:GPS@tvnav.com">email</a> us for prices and availability.**<br>
<br>
</h1>
</center>
<br>
<br>
 <br>
<br>
 
<h3><strong>Total Video became an authorized <a href="http://www.garmin.com/cgi-bin/us_dealers?state=KS&amp;city=Hays" target="_blank">Garmin dealer</a> in January 1999. We sold 300+ <a href="http://www.garmin.com/aboutGPS/" target="_blank">GPS</a> units prior to becoming a Garmin direct dealer, picking them up from various distributors and individuals to sell. By becoming a Garmin direct dealer we now are able to sell for less! Total Video prides itself with <font color="Red">*very quick shipping</font> and a strong history of customer satisfaction. <a href="comments.html"><font color="Red">Comments</font></a> from customers.<br>
<br>
 Want to learn more about GPS? Click <a href="http://www.nasm.edu/gps/" target="_blank">here</a> for further GPS information.<br>
 <a name="etrex"></a><br>
<br>
</strong></h3>
<h2><a href="http://www.garmin.com/products/rino/" target="_blank">Rino 110/120 GPS-Integrated FRS/GMRS Radios</a>....<a href="mappricing.html" target="_blank" name="MAP details">(MAP $169.99/$249.99)</a> Call or <a href="mailto:GPS@tvnav.com?subject=Rino%A0price&amp;body=Just%20click%20send%20and%20we%20will%20return%20an%20email%20with%20our%20lowest%20price.%20Thanks.">email</a> us for our current price....too low to advertise! <font color="Red">Coming Soon!</font><br>
<br>
 <a href="http://www.garmin.com/products/emap/" target="_blank">eMap</a>....$170.00 <font color="Red">IN STOCK!</font><br>
<br>
 <a href="http://www.garmin.com/products/emap/" target="_blank">eMap</a> with 8MB memory cartridge....$200.00 <font color="Red">IN STOCK!</font><br>
<br>
 <a href="http://www.garmin.com/products/emap/" target="_blank">eMap</a> with 8MB memory cartridge and USA MetroGuide MapSource....$215.00 <font color="Red">IN STOCK!</font><br>
<br>
 <a href="http://www.garmin.com/products/etrex/" target="_blank">eTrex</a>....$115.00 <font color="Red">IN STOCK!</font><br>
<br>
 <a href="http://www.garmin.com/products/etrexsummit/" target="_blank">eTrex Summit</a>....$210.00 <font color="Red">IN STOCK!</font><br>
<br>
 <a href="http://www.garmin.com/products/etrexCamo/index.html" target="_blank">eTrex Camo</a>....$125.00 <font color="Red">IN STOCK!</font><br>
<br>
 <a href="http://www.garmin.com/products/etrexVenture/index.html" target="_blank">eTrex Venture</a>....<a href="mappricing.html" target="_blank" name="MAP details">(MAP $169.00)</a> Call or <a href="mailto:GPS@tvnav.com?subject=eTrex%A0Venture%A0price&amp;body=Just%20click%20send%20and%20we%20will%20return%20an%20email%20with%20our%20lowest%20price.%20Thanks.">email</a> us for our current price....too low to advertise! <font color="Red">IN STOCK!</font><br>
<br>
 <a href="http://www.garmin.com/products/etrexLegend/index.html" target="_blank">eTrex Legend</a>....<a href="mappricing.html" target="_blank" name="MAP details">(MAP $249.00)</a> Call or <a href="mailto:GPS@tvnav.com?subject=eTrex%A0Legend%A0price&amp;body=Just%20click%20send%20and%20we%20will%20return%20an%20email%20with%20our%20lowest%20price.%20Thanks.">email</a> us for our current price....too low to advertise! <font color="Red">IN STOCK!</font><br>
<br>
 <a href="http://www.garmin.com/products/etrexVista/index.html" target="_blank">eTrex Vista</a>....<a href="mappricing.html" target="_blank" name="MAP details">(MAP $349.00)</a> Call or <a href="mailto:GPS@tvnav.com?subject=eTrex%A0Vista%A0price&amp;body=Just%20click%20send%20and%20we%20will%20return%20an%20email%20with%20our%20lowest%20price.%20Thanks.">email</a> us for our current price....too low to advertise! <font color="Red">IN STOCK!</font><br>
<br>
 <a href="http://www.garmin.com/products/gpsmap76s/index.html" target="_blank">GPSMAP 76S</a>....<a href="mappricing.html" target="_blank" name="MAP details">(MAP $449.99)</a> Call or <a href="mailto:GPS@tvnav.com?subject=MAP%A076S%A0price&amp;body=Just%20click%20send%20and%20we%20will%20return%20an%20email%20with%20our%20lowest%20price.%20Thanks.">email</a> us for our current price....too low to advertise! <font color="Red">IN STOCK!</font><br>
<br>
 <a href="http://www.garmin.com/products/gpsmap76/index.html" target="_blank">GPSMAP 76</a>....<a href="mappricing.html" target="_blank" name="MAP details">(MAP $349.00)</a> Call or <a href="mailto:GPS@tvnav.com?subject=MAP%A076%A0price&amp;body=Just%20click%20send%20and%20we%20will%20return%20an%20email%20with%20our%20lowest%20price.%20Thanks.">email</a> us for our current price....too low to advertise! <font color="Red">IN STOCK!</font><br>
<br>
 <a href="http://www.garmin.com/products/gps76/index.html" target="_blank">GPS 76</a>....<a href="mappricing.html" target="_blank" name="MAP details">(MAP $219.00)</a> Call or <a href="mailto:GPS@tvnav.com?subject=76%A0price&amp;body=Just%20click%20send%20and%20we%20will%20return%20an%20email%20with%20our%20lowest%20price.%20Thanks.">email</a> us for our current price....too low to advertise! <font color="Red">IN STOCK!</font><br>
<br>
 <a href="http://www.garmin.com/products/gpsmap176/" target="_blank">GPSMAP 176</a>....<a href="mappricing.html" target="_blank" name="MAP details">(MAP $499.00)</a> Call or <a href="mailto:GPS@tvnav.com?subject=176/176C%A0price&amp;body=Just%20click%20send%20and%20we%20will%20return%20an%20email%20with%20our%20lowest%20price.%20Thanks.">email</a> us for our current price....too low to advertise! <font color="Red">IN STOCK!</font><br>
<br>
 <a href="http://www.garmin.com/products/gpsmap176C/" target="_blank">GPSMAP 176C</a>....<a href="mappricing.html" target="_blank" name="MAP details">(MAP $599.00)</a> Call or <a href="mailto:GPS@tvnav.com?subject=176/176C%A0price&amp;body=Just%20click%20send%20and%20we%20will%20return%20an%20email%20with%20our%20lowest%20price.%20Thanks.">email</a> us for our current price....too low to advertise! <font color="Red">IN STOCK!</font><br>
<br>
 <a href="http://www.garmin.com/products/gpsmap2006/" target="_blank">GPSMAP 2006</a>....<a href="mappricing.html" target="_blank" name="MAP details">(MAP $1199.00)</a> Call or <a href="mailto:GPS@tvnav.com?subject=2006/2006C%A0price&amp;body=Just%20click%20send%20and%20we%20will%20return%20an%20email%20with%20our%20lowest%20price.%20Thanks.">email</a> us for our current price....too low to advertise! <font color="Red">IN STOCK!</font><br>
<br>
 <a href="http://www.garmin.com/products/gpsmap2006/" target="_blank">GPSMAP 2006C</a>....<a href="mappricing.html" target="_blank" name="MAP details">(MAP $1999.00)</a> Call or <a href="mailto:GPS@tvnav.com?subject=2006/2006C%A0price&amp;body=Just%20click%20send%20and%20we%20will%20return%20an%20email%20with%20our%20lowest%20price.%20Thanks.">email</a> us for our current price....too low to advertise! <font color="Red">IN STOCK!</font><br>
<br>
 <a href="http://www.garmin.com/products/gpsmap2010/" target="_blank">GPSMAP 2010C</a>....<a href="mappricing.html" target="_blank" name="MAP details">(MAP $2499.00)</a> Call or <a href="mailto:GPS@tvnav.com?subject=2010/2010C%A0price&amp;body=Just%20click%20send%20and%20we%20will%20return%20an%20email%20with%20our%20lowest%20price.%20Thanks.">email</a> us for our current price....too low to advertise! <font color="Red">IN STOCK!</font><br>
<br>
 <a name="gps12map"></a> <a href="http://www.garmin.com/products/gps12/" target="_blank">GPS 12</a>....$140.00 <font color="Red">IN STOCK!</font><br>
<br>
 <a href="http://www.garmin.com/products/gps12xl/" target="_blank">GPS 12XL</a> with <a href="http://www2.garmin.com/accessory.asp?sku=010-10117-01" target="_blank">carrying case</a>....$190.00 <font color="Red">IN STOCK!</font><br>
<br>
 <a href="http://www.garmin.com/products/gps12map/" target="_blank">GPS 12 MAP</a> with <a href="http://www2.garmin.com/accessory.asp?sku=010-10141-00" target="_blank">PC interface cable</a>....$280.00 <font color="Red">IN STOCK!</font><br>
<a name="europerr"></a><br>
 <a href="http://www.garmin.com/products/gpsIIp/" target="_blank">GPS II Plus</a>....$190.00 <font color="Red">IN STOCK!</font><br>
<br>
 <a name="GPS III PLUS"></a> <a href="http://www.garmin.com/products/gpsIIIp/" target="_blank">GPS III Plus</a> with <a href="http://www2.garmin.com/accessory.asp?sku=010-10141-00" target="_blank">PC interface cable</a>....$280.00 <font color="Red">IN STOCK!</font><br>
<br>
 <a href="http://www.garmin.com/products/gps5/index.html" target="_blank">GPS V Deluxe w/*new* City Select with all unlocks</a>....<a href="mappricing.html" target="_blank" name="MAP details">(MAP $499.00)</a> Call or <a href="mailto:GPS@tvnav.com?subject=V%A0Deluxe%A0price&amp;body=Just%20click%20send%20and%20we%20will%20return%20an%20email%20with%20our%20lowest%20price.%20Thanks.">email</a> us for our current price....too low to advertise! <font color="Red">IN STOCK!</font><br>
<br>
 <a href="softwarereturn.html"><font color="Red">*</font></a>U.S. Roads and Recreation MapSource....$80.00 <font color="Red">IN STOCK!</font><br>
<br>
 <a href="softwarereturn.html"><font color="Red">*</font></a>WorldMap MapSource....$80.00 <font color="Red">IN STOCK!</font><br>
<br>
 <a href="softwarereturn.html"><font color="Red">*</font></a>TOPO MapSource....$85.00 <font color="Red">IN STOCK!</font><br>
<br>
 <a href="softwarereturn.html"><font color="Red">*</font></a>Fishing Hot Spots MapSource (includes one coverage area unlock)....$85.00 <font color="Red">IN STOCK!</font><br>
<br>
 <a href="softwarereturn.html"><font color="Red">*</font></a>U.S. Waterways &amp; Lights MapSource....$60.00 <font color="Red">IN STOCK!</font><br>
<br>
 <a href="http://www.garmin.com/products/streetPilot/" target="_blank">StreetPilot</a> with dash mount, cigarette power cable and PC interface cable....$385.00 <font color="Red">IN STOCK!</font><br>
<a name="ukmg"></a><br>
 <a href="http://www.garmin.com/products/colorMap/" target="_blank">StreetPilot ColorMap</a> with dash mount, cigarette power cable and PC interface cable....$540.00 <font color="Red">IN STOCK!</font><br>
<br>
 <a href="http://www.garmin.com/products/spIII/index.html" target="_blank">StreetPilot III Deluxe w/128MB, *new* City Navigator w/all unlocks and portable bean bag mount</a>....<a href="mappricing.html" target="_blank" name="MAP details">(MAP $999.00)</a> Call or <a href="mailto:GPS@tvnav.com?subject=StreetPilot%20III%A0Deluxe%A0price&amp;body=Just%20click%20send%20and%20we%20will%20return%20an%20email%20with%20our%20lowest%20price.%20Thanks.">email</a> us for our current price....too low to advertise! <font color="Red">IN STOCK!</font><br>
<br>
 <a href="softwarereturn.html"><font color="Red">*</font></a>MetroGuide USA MapSource....$90.00 <font color="Red">IN STOCK!</font><br>
<br>
 <a href="softwarereturn.html"><font color="Red">*</font></a>MetroGuide USA MapSource w/Blank 8MB Memory Cartridge....$110.00 <font color="Red">IN STOCK!</font><br>
<br>
 <a href="softwarereturn.html"><font color="Red">*</font></a>MetroGuide USA MapSource w/Blank 16MB Memory Cartridge....$115.00 <font color="Red">IN STOCK!</font><br>
<br>
 <a href="softwarereturn.html"><font color="Red">*</font></a>MetroGuide Canada with Roads &amp; Recreation....$80.00 <font color="Red">IN STOCK!</font><br>
<br>
 <a href="softwarereturn.html"><font color="Red">*</font></a>City Navigator Europe....$195.00 <font color="Red">IN STOCK!</font><br>
<br>
 <a href="softwarereturn.html"><font color="Red">*</font></a>City Navigator Europe "All" unlock....$215.00 <font color="Red">IN STOCK!</font><br>
<br>
 <a href="softwarereturn.html"><font color="Red">*</font></a>City Select Europe....$115.00 <font color="Red">IN STOCK!</font><br>
<br>
 <a href="softwarereturn.html"><font color="Red">*</font></a>City Select Europe "All" unlock....$115.00 <font color="Red">IN STOCK!</font><br>
<br>
 <a href="softwarereturn.html"><font color="Red">*</font></a>MetroGuide Europe....$115.00 <font color="Red">IN STOCK!</font><br>
<br>
 <a href="softwarereturn.html"><font color="Red">*</font></a>Roads &amp; Recreation Europe....$85.00 <font color="Red">IN STOCK!</font><br>
<br>
 <a href="softwarereturn.html"><font color="Red">*</font></a>City Navigator Australia....$265.00 <font color="Red">IN STOCK!</font><br>
<br>
 <a href="softwarereturn.html"><font color="Red">*</font></a>BlueChart w/one coverage area....<a href="mappricing.html" target="_blank" name="MAP details">(MAP Americas-$139.00/Atlantic-$229.00/Pacific-$189.00)</a> Call or <a href="mailto:GPS@tvnav.com?subject=BlueChart%A0price&amp;body=Just%20click%20send%20and%20we%20will%20return%20an%20email%20with%20our%20lowest%20price.%20Thanks.">email</a> us for our current prices....too low to advertise! <font color="Red">IN STOCK!</font><br>
<br>
 <a href="softwarereturn.html"><font color="Red">*</font></a>BlueChart Single Region Unlock....Americas-$85.00/Atlantic-$145.00/Pacific-$105.00 <font color="Red">IN STOCK!</font><br>
<br>
 Blank 8MB Memory Cartridge....$45.00 <font color="Red">IN STOCK!</font><br>
<br>
 Blank 16MB Memory Cartridge....$55.00 <font color="Red">IN STOCK!</font><br>
<br>
 Blank 32MB Memory Cartridge....$70.00 <font color="Red">IN STOCK!</font><br>
<br>
 Blank 64MB Memory Cartridge....$105.00 <font color="Red">IN STOCK!</font><br>
<br>
 Blank 128MB Memory Cartridge....$155.00 <font color="Red">IN STOCK!</font><br>
<br>
 USB Data Card Programmer....$70.00 <font color="Red">IN STOCK!</font><br>
<br>
 <font color="Blue"><u>PC Download Kit</u></font> (includes <a href="images/miscgps/acdcconverter.jpg">AC/DC adapter</a> and 12V cigarette power/PC interface cable (for round, 4 pin connectors only)....$45.00<br>
<br>
 <font color="Blue"><u>eMap/eTrex PC Download Kit</u></font> (includes <a href="images/miscgps/acdcconverter.jpg">AC/DC adapter</a> and cigarette power/PC interface cable....$50.00<br>
<br>
 <a href="http://www.garmin.com/products/gpsmap162/" target="_blank">GPSMAP 162</a>....$355.00 (w/internal antenna)/$375.00 (w/external antenna) <font color="Red">IN STOCK!</font><br>
<br>
 <a href="http://www.garmin.com/products/gpsmap168s/" target="_blank">GPSMAP 168 Sounder</a>....$495.00 (w/internal antenna)/$515.00 (w/external antenna) <font color="Red">IN STOCK!</font><br>
<br>
 <a href="http://www.garmin.com/products/navTalk/" target="_blank">NavTalk Cellular phone/GPS (ver. 2.16)</a>....$375.00 <br>
<br>
 <a href="http://www.garmin.com/products/gbr21/" target="_blank">GBR 21</a> and <a href="http://www.garmin.com/products/gbr23/" target="_blank">GBR 23</a> Differential Receivers....$180.00 <br>
<br>
 <a href="gpsvideos.html">Videos available on many of the Garmin products as well as general GPS usage videos.</a><br>
<br>
 <a href="catalog.html">Garmin GPS and accessories catalog</a>....$2.00 (for s/h in US. Refundable/free with order)<br>
<br>
 <a href="http://www.garmin.com/support/userManual.html" target="_blank">Online GARMIN manuals.</a></h2>
<br>
 <font size="-1">Stock status subject to change. We try to update the stock status continuously but we sometimes don't get it changed immediately. Check with us for current stock status.</font><br>
<br>
 
<center>
<h1><a href="returnpolicy.html">Our Return Policy</a><br>
<br>
<a href="softwarereturn.html"><font color="Blue">Software Return Policy</font></a><br>
<br>
 <a href="miscgpsitems.html"><font color="Red">Accessories and Miscellaneous Items</font></a><br>
<br>
 <a href="aviationgps.html"><font color="Red">AVIATION GPS</font></a></h1>
</center>
<br>
 
<h3><font color="Red">We also sell <a href="miscgpsitems.html">Garmin GPS accessories</a> such as mounts, cables, cases, etc.<br>
<br>
 We sell everything in the Garmin <a href="http://www.garmin.com/products/index.html" target="_blank">outdoor recreation, marine and cartography line.</a> <a href="mailto:GPS@tvnav.com">Email</a> us for prices on any items you don't see listed above.</font><br>
<br>
</h3>
<center>
<h3><img src="images/upslogo.gif" width="105" height="62" border="0"><br>
We charge a flat $10.00 shipping and handling charge (via UPS ground) per GPS order (not per item) in the 48/US.<br>
<br>
$5.00 shipping and handling for accessories in the 48/US.<br>
<br>
An additional $10.00 charge for COD orders (COD s/h must be credit card secured).<br>
<br>
Faster shipping available.<br>
<br>
*<font color="Red">3 day select (usually arrives in 2 days!)--addtl. $3.00.</font><br>
 *2nd day air--addtl. $5.00.<br>
*Next day air saver--addtl. $20.00.<br>
*Next day air-Saturday delivery--addtl. $35.00<br>
*<font color="Red">More shipping may be required on larger packages for 3 day, 2nd day and next day air packages.</font><br>
<br>
Click <a href="http://www.ups.com/using/services/transit/timetran.html" target="_blank">here</a> to get UPS Ground delivery times. Our zip code is 67601 (Hays, Kansas).<br>
<br>
<img src="images/fedexlogo.jpg" width="129" height="41" border="1" align="middle" hspace="5"><font color="Red">Add $10 to UPS charges for FedEx shipping. (minimum FedEx s/h is $18)</font><br>
<br>
 <img src="images/maillogo.jpg" width="168" height="33" border="1" align="middle" hspace="5"><font color="Red">$20 for Priority Mail s/h on GPS units and $15 for accessories in the US.</font><br>
<br>
 <a href="mailto:GPS@tvnav.com?subject=Out%A0of%A048/US%A0sales%A0info.">Email</a> us for requirements/costs for out of 48/US sales or click <a href="intlshipping.html">here</a>.<br>
<br>
<br>
<br>
</h3>
<center></center>
</center>
<h1><a href="orderinfo.html"><font color="Red">ORDERING INFORMATION</font></a></h1>
<br>
<br>
 <font color="Blue">* Most orders received by 2:00 p.m. central time for in stock items will ship the same day (business days only).</font> <br>
<a name="paypal"></a><br>
 All orders in Kansas must pay a 6.8% sales tax. <br>
<br>
 <font color="Red">We accept payment by Discover/MasterCard/Visa/Pre-pay (orders paid by personal/company check orders held for 10 business days for check clearing. Cashier checks/money orders ship same day.). COD orders welcome (cashiers check or money order).</font> 
<center><img src="images/ccbanner.jpg" border="2" alt="rescue,hunting,fishing,camping,adsfg,videogi,productshun,GPS III,Garmin,StreetPilot,gps3,gpsIII,gps2,gps2plus,gpsII+,Street Atlas,StreetAtlas,Osborne,Plainville,Stockton,Victoria,Ellis,Kansas,WaKeeney,Quinter,Russell,LaCrosse,Gorham,gpsIIIPLUS,gps3+,gps III+,gps 3+,DeLorme,GPS III Plus,GPS III Pilot,aviation gps,DeLorme Street Atlas,garmin aviation,metro guides,MetroGuides,truck navigation,semi navigation,over the road navigation,navigation aids,truck stops,metro gides,colormap streetpilot,color streetpilot,guidance by Garmin,color street pilot,color map,color map streetpilot,color map Street Pilot,MetroGuide,garmin international,garmond,garmund,magellan,gps12,gps 12,gps12xl,gps 12XL,gps12cx,RANS,gps 12CX,gps12CX,color streetpilot,streetpilot color map,garmin gps,Street Pilot,experimental aircraft,EEA,tvnav.com,gps 12 MAP,NavTalk,StreetPilot ColorMap,emap,ColorMap,Street Pilot ColorMap,Street Pilot Color Map,cell phone,cellular phone,cellar phone,cellar,cellular,EMAP,e map,Nav Talk,GPS,G P S,Global Positioning System,globalpositioningsystem,gps outfitters,gps video,cables,gps cables,navigation,mapsource,map source,MapSource,TOPO MapSource,MetroGuide MapSource"><br>
<br>
 <a href="https://secure.paypal.com/refer/pal=GPS%40tvnav.com" target="_blank"><img src="images/paypal1.jpg" width="472" height="169" border="2"></a><br>
<br>
 <a href="mailto:GPS@tvnav.com"><img src="http://www.tvnav.com/email9.gif" alt="send email"></a><br>
<br>
 
<h1>Toll Free Order Line (877) 625-3546 (US only)<br>
<br>
FAX (413) 383-8800<br>
<br>
Information /International Order Line (785) 625-3546</h1>
<br>
 
<h2><a href="http://www.tvnav.com" alt="">Home Page</a></h2>
<br>
 
<form method="get" action="http://groups.yahoo.com/subscribe/GarminGPS">
<table cellspacing="0" cellpadding="2" border="0" bgcolor="#FFFFCC">
<tr>
<td colspan="2" align="center"><b>Subscribe to the TVNAV.COM GarminGPS mail list</b></td>
</tr>
<tr>
<td><input type="text" name="user" value="enter email address" size="20"></td>
<td><input type="image" border="0" alt="Click here to join GarminGPS" name="Click here to join GarminGPS" src="http://groups.yahoo.com/img/ui/join.gif"></td>
</tr>
<tr align="center">
<td colspan="2">Powered by <a href="http://groups.yahoo.com/">groups.yahoo.com</a></td>
</tr>
</table>
</form>
<br>
<br>
 <a href="http://www.beseen.com/hc-index.html"><img src="http://pluto.beseen.com/hit.counter?account=GPS@tvnav.com-gpshome&amp;font=RedOnBlack&amp;base=423695" border="0"></a><br>
 <font size="-3">Counter reset 2/1/99</font><br>
<br>
This site last modified 7/25/02</center>
<br>
<br>
 
</body>
</html>
