<html>
  <head>
    <title>[ 634889 ] Problem with &lt;o:p&gt; ms word tag</title>
  </head>
  <body>
    <p>Probably OK, now that ParseTagNames() is fixed.</p>
  </body>
</html>
