<html>
<head>
<title>[ 640473 ] new-empty-tags doesn't work, breaks doc</title>
</head>
<body>
<foo>Foo <bar>bar</bar> foo foo</foo>
</body>
</html>
