<!DOCTYPE html PUBLIC "-//W3C//DTD HTML 4.01 Transitional//EN">

<html>
  <head>
    <title>[ 656889 ] textarea text and line wrapping</title>
  </head>

  <body>
    <form action="foo">
      <textarea name="txt1" rows="4" cols="40">
        Blah Blah blah...
        Blah Blah...
        Blah Blah Blah Blah.
      </textarea>
    </form>
  </body>
</html>
