<!DOCTYPE html PUBLIC "-//W3C//DTD HTML 4.01 Transitional//EN">
<html>
<head>
<title>[ 679135 ] Crashes while checking attributes</title>
</head>
<body>
<center>
<table>
<tr>
<td><img src="/gifs/bbkraj.gif" width="140" height="70" align="bottom" naturalsizeflag="3" border="0" usemap="#bbkraj" ismap> 
<center><a href="http://ads.rp.pl/RealMedia/ads/click_lx.ads/www.rp.pl/gazeta/kraj/377763570/Middle1/default/empty.gif/3231332e3133352e33362e3931" target="_blank"><img src="http://ads.rp.pl/RealMedia/ads/Creatives/default/empty.gif" width="2" height="2" alt="" border="0"></a><img src="http://ads.rp.pl/RealMedia/ads/adstream_lx.ads/www.rp.pl/gazeta/kraj/377763570/Middle1/default/empty.gif/3231332e3133352e33362e3931?_RM_EMPTY_" width="1" height="1" border="0"> <a href="http://ads.rp.pl/RealMedia/ads/click_lx.ads/www.rp.pl/gazeta/kraj/1559719120/Middle2/default/empty.gif/3231332e3133352e33362e3931" target="_blank"><img src="http://ads.rp.pl/RealMedia/ads/Creatives/default/empty.gif" width="2" height="2" alt="" border="0"></a><img src="http://ads.rp.pl/RealMedia/ads/adstream_lx.ads/www.rp.pl/gazeta/kraj/1559719120/Middle2/default/empty.gif/3231332e3133352e33362e3931?_RM_EMPTY_" width="1" height="1" border="0"></center>
</td>
</tr>
</table>
</center>
</body>
</html>
