<html>
<head>
<title>[ 695408 ] Empty spans getting dropped, even if they have
attrs</title>
</head>

<body>
<table>
<tr>
<td>
</td>

<td>
</td>

<td>
</td>
</tr>
</table>
</body>
</html>
