<html>
<head>
<title>[ #708322] : drop-proprietary-attributes leaves table height.</title>
</head>
<body>
<table height="12">
<tr>
<td></td>
</tr>
</table>
</body>
</html>
