<html>
<head>
<title>[ #735603 ] : drops attributes from declared elements.</title>
</head>
<body>
<foo>foo attributes shouldn't be removed</foo>
</body>
</html>
