<!DOCTYPE html PUBLIC "-//IETF//DTD HTML 2.0//EN">
<html>
<head>
<title>#765852 Empty tag striping</title>
</head>
<body>
<p>Text following <i>italics</i> without a blank after the i end tag is not cleaned up correctly (the bold blank is eliminated).</p>
</body>
</html>
