<target name="help">
  <echo>


    *** Help message *** 


    *** End of help message ***

  </echo>
</target>
